// Jest Snapshot v1, https://goo.gl/fbAQLP

exports[`login fail at POST 1`] = `"You have you ask me nicely."`;
